RAM Allocation [bytes]
Variable                                                                          Address   Size
------------------------------------------------------------------------------------------------
digits                                                                            0x0300       8
digit_index                                                                       0x0308       2
atur                                                                              0x030A       2
geser                                                                             0x030C       2
mode                                                                              0x030E       2
start                                                                             0x0310       2

EEPROM Allocation [bytes]
Variable                                                                          Address   Size
------------------------------------------------------------------------------------------------

Register Allocation
Variable                                                                          Register  Size
------------------------------------------------------------------------------------------------
seconds_jam                                                                       R3,R4        2
minutes_jam                                                                       R5,R6        2
seconds_timer                                                                     R7,R8        2
minutes_timer                                                                     R9,R10       2
seconds_stopwatch                                                                 R11,R12      2
minutes_stopwatch                                                                 R13,R14      2

FLASH Allocation [words]
Function                                                                          Address   Size
------------------------------------------------------------------------------------------------
ext_int1_isr                                                                      0x00075     37
timera_compa_isr                                                                  0x0009A    163
timer0_ovf_isr                                                                    0x0013D    130
main                                                                              0x001BF     44
init_int1                                                                         0x001EB     21
init_int2                                                                         0x00200      8
init_buttonA                                                                      0x00208      6
SevenSegment                                                                      0x0020E    104
aturJam                                                                           0x00276     89
stopWatch                                                                         0x002CF     27
alarmTimer                                                                        0x002EA     46
tampilanJam                                                                       0x00318      7
